C51 COMPILER V9.60.0.0   MAIN                                                              10/13/2019 22:00:30 PAGE 1   


C51 COMPILER V9.60.0.0, COMPILATION OF MODULE MAIN
OBJECT MODULE PLACED IN .\Objects\main.obj
COMPILER INVOKED BY: D:\Keil\C51\BIN\C51.EXE main.c OPTIMIZE(8,SPEED) BROWSE DEBUG OBJECTEXTEND PRINT(.\Listings\main.ls
                    -t) OBJECT(.\Objects\main.obj)

line level    source

   1          /*
   2          * 29-PSEN-595SCLR_10,ALWAYSHIGH
   3          * 28-P2.7-595SCK_11,UP-BITMOVE
   4          * 27-P2.6-595RCK_12,UP-LINEMOVE
   5          * 26-P2.5-595OE1_13,HIGH-OFF
   6          * 25-P2.4-595DS_14
   7          * 24-P2.3-5950E2_13
   8          * 23-P2.2-595OE3_13
   9          * 22-P2.1-595OE4_13
  10          * 09-RST-KEY0
  11          * 12-P3.2-KEY1
  12          * 13-P3.3-KEY2
  13          */
  14          //#define TEST
  15          #define INT int
  16          #define UNSIGNED unsigned
  17          #define CHAR char
  18          #define SBIT sbit
  19          #define VOID void
  20          #define LONG long
  21          #define IF if
  22          #define FOR for
  23          #define WHILE while
  24          #define INTERRUPT interrupt
  25          #include <reg52.h>
  26          #include <intrins.h>
  27          #define NOP() _nop_()
  28          
  29          sbit KEY1=P3^2;
  30          sbit KEY2=P3^3;
  31          sbit RCK=P2^7;
  32          sbit SCK=P2^6;
  33          sbit OE1=P2^5;
  34          #ifdef TEST
              sbit OE2=P2^0;//TEMP FOR TEST!!
              #else
  37          sbit OE2=P2^3;
  38          #endif
  39          sbit OE3=P2^2;
  40          sbit OE4=P2^1;
  41          sbit MOSIO=P2^4;
  42          sbit tempIO=P1^0;
  43          
  44          void HC595SendData(unsigned char SendVal);
  45          void tim0Init();
  46          void delay(unsigned int);
  47          void fakeDelay(unsigned int i);
  48          void pwm(char);
  49          void keyInit();
  50          
  51          unsigned char led=0xff;
  52          unsigned int tt=0;
  53          
  54          void main( )
C51 COMPILER V9.60.0.0   MAIN                                                              10/13/2019 22:00:30 PAGE 2   

  55          {
  56   1              tim0Init();
  57   1              keyInit();
  58   1      
  59   1              OE1=OE2=OE3=OE4=0;      
  60   1      
  61   1          while(1)
  62   1          {
  63   2                      ;
  64   2                      
  65   2          }
  66   1              
  67   1      }
  68          
  69          void HC595SendData(unsigned char SendVal)
  70          {
  71   1          unsigned char i;
  72   1          for(i=0;i<8;i++)
  73   1          {
  74   2              if((SendVal<<i)&0x80)MOSIO=1;
  75   2              else MOSIO=0;
  76   2                                      //MOSIO=1;  
  77   2                              SCK=0;
  78   2              NOP();
  79   2              NOP();
  80   2              SCK=1;
  81   2                      fakeDelay(2);
  82   2          }
  83   1          RCK=0;
  84   1          fakeDelay(1);
  85   1          RCK=1;
  86   1      }
  87          
  88          void keyInit()
  89          {
  90   1              EA=1;
  91   1              EX0=1;
  92   1              IT0=1;
  93   1      }
  94          
  95          void tim0Init()
  96          {
  97   1              TMOD=0x01;               //模式设置，00000001，可见采用的是定时器0，工作与模式1（M1=0，M0=1）。
  98   1              TR0=1;                   //打开定时器
  99   1              TH0=(65536-102)/256;             //定时器设置，每隔100微秒发起一次中断。
 100   1              TL0=(65536-102)%256;
 101   1              ET0=1;                   //开定时器0中断
 102   1              EA=1;                    //开总中断
 103   1      }
 104          
 105          void keyScan() interrupt 0
 106          {
 107   1              if(KEY1==0||KEY2==0)
 108   1                      {
 109   2                              //fakeDelay(5);
 110   2                              if(KEY1==0||KEY2==0)
 111   2                              {
 112   3                                      HC595SendData(led);
 113   3                              }
 114   2                              while(!KEY1||!KEY2);
 115   2                      }
 116   1      }
C51 COMPILER V9.60.0.0   MAIN                                                              10/13/2019 22:00:30 PAGE 3   

 117          
 118          void time0() interrupt 1
 119          {       TH0=(65536-102)/256;//1ms
 120   1              TL0=(65536-102)%256;
 121   1              tt++;
 122   1              if(tt==60000)tt=0;
 123   1      }
 124          
 125          void delay(unsigned int i)
 126          {
 127   1              unsigned int temp=tt;
 128   1              while(1)
 129   1              {
 130   2                      if((tt==temp+i)%60000)break;
 131   2              }
 132   1      }
 133          
 134          void fakeDelay(unsigned int t)
 135          { 
 136   1              unsigned int i,j;
 137   1              for(i=t;i>0;i--)
 138   1                      for(j=110;j>0;j--)NOP();
 139   1      }
 140          /*
 141          
 142          void pwm(char a)
 143          {
 144                  //char i,temp=0;
 145          //      for(i=1;i<=a;i++)
 146          //      {
 147          //              HC595SendData(Led);
 148          //              HC595SendData(Led);
 149          //      }
 150          //      for(i=a;i<=100;i++)
 151          //      {OE=1;temp++;}
 152          //      OE=0;
 153                  HC595SendData(Led);
 154                  HC595SendData(Led);
 155                  delay(a);
 156                  OE=1;
 157                  delay(100-a);
 158                  OE=0;
 159          }
 160          */


MODULE INFORMATION:   STATIC OVERLAYABLE
   CODE SIZE        =    371    ----
   CONSTANT SIZE    =   ----    ----
   XDATA SIZE       =   ----    ----
   PDATA SIZE       =   ----    ----
   DATA SIZE        =      3       6
   IDATA SIZE       =   ----    ----
   BIT SIZE         =   ----    ----
END OF MODULE INFORMATION.


C51 COMPILATION COMPLETE.  0 WARNING(S),  0 ERROR(S)
