C51 COMPILER V9.60.0.0   MAIN                                                              10/23/2019 18:38:29 PAGE 1   


C51 COMPILER V9.60.0.0, COMPILATION OF MODULE MAIN
OBJECT MODULE PLACED IN .\Objects\main.obj
COMPILER INVOKED BY: D:\Keil\C51\BIN\C51.EXE main.c LARGE OPTIMIZE(8,SPEED) BROWSE DEBUG OBJECTEXTEND PRINT(.\Listings\m
                    -ain.lst) OBJECT(.\Objects\main.obj)

line level    source

   1          #include <reg52.h>
   2          #include <intrins.h>
   3          
   4          typedef unsigned int uint;
   5          typedef unsigned char uchar;
   6          typedef unsigned long ulong;
   7          
   8          sbit RS=P1^5;
   9          sbit RW=P1^6;
  10          sbit LED=P2^0;
  11          sbit RCK=P2^6;
  12          sbit SCK=P2^7;
  13          sbit OE1=P2^5;
  14          sbit OE2=P2^3;
  15          sbit OE3=P2^2;
  16          sbit OE4=P2^1;
  17          sbit KEY1=P3^2;
  18          sbit KEY2=P3^3;
  19          sbit MOSIO=P2^4;
  20          sbit lcden=P1^7;
  21          sbit LEDGND1=P1^4;
  22          sbit LEDGND2=P1^1;
  23          sbit LEDGND3=P1^2;
  24          sbit LEDGND4=P1^3;
  25          sbit lcdData0=P1^0;
  26          
  27          uchar ledMod=0;
  28          uchar uartNum=0;
  29          ulong keyNum=0;
  30          uchar BREATHE=20;
  31          uchar table2[]="MODEL ";
  32          uchar table1[]="Zhenger.LEDCUBIC";
  33          
  34          void keyInit();
  35          void lcdInit();
  36          void ledInit();
  37          void uartInit();
  38          void pwmPurple();
  39          void delay(uint);
  40          void breathe(uint);
  41          void oneByOne(uint);
  42          void writeCom(uchar);
  43          void writeData(uchar);
  44          void layerSwitch(uchar);
  45          void hc595SendData(uint);
  46          
  47          void main( )
  48          {
  49   1              LED=1;
  50   1              keyInit();  //
  51   1              lcdInit();  //
  52   1              ledInit();  //
  53   1              uartInit(); //串口初始化
  54   1              LED=0;
C51 COMPILER V9.60.0.0   MAIN                                                              10/23/2019 18:38:29 PAGE 2   

  55   1              
  56   1          while(1)
  57   1          {
  58   2                      hc595SendData(0x55);hc595SendData(0x55);hc595SendData(0x55);hc595SendData(0x55);
  59   2                      hc595SendData(0xaa);hc595SendData(0xaa);hc595SendData(0xaa);hc595SendData(0xaa);
  60   2          }
  61   1      }
  62          
  63          void keyInit()
  64          {
  65   1              EA=1;
  66   1              EX0=1;
  67   1              IT0=1;
  68   1              EX1=1;
  69   1              IT1=1;
  70   1      }
  71          
  72          void lcdInit()
  73          {
  74   1              uchar a;
  75   1          RW=0;
  76   1              writeCom(0x38);   //显示模式设置：16×2显示，5×7点阵，8位数据接口
  77   1              delay(2);
  78   1              writeCom(0x0f);   //显示模式设置
  79   1              delay(2);
  80   1              writeCom(0x06);   //显示模式设置：光标右移，字符不移
  81   1              delay(2);
  82   1              writeCom(0x01);   //清屏幕指令，将以前的显示内容清除
  83   1              delay(2);
  84   1      
  85   1              writeCom(0x80);
  86   1              for(a=0;a<16;a++)
  87   1              {
  88   2                      writeData(table1[a]);
  89   2                      delay(1);
  90   2              }
  91   1              writeCom(0x80+0x40);
  92   1              for(a=0;a<6;a++)
  93   1              {
  94   2                      writeData(table2[a]);
  95   2                      delay(1);
  96   2              }
  97   1              writeData('0');
  98   1      }
  99          
 100          void ledInit()
 101          {
 102   1              OE1=OE2=OE3=OE4=0;      
 103   1              LEDGND1=LEDGND2=LEDGND3=LEDGND4=0;
 104   1      }
 105          
 106          void uartInit()
 107          {
 108   1              TMOD = 0x20;    //T1工作模式2  8位自动重装
 109   1              TH1 = 0xfd;
 110   1              TL1 = 0xfd;     //比特率9600
 111   1              TR1 = 1;                //启动T1定时器
 112   1              SM0 = 0;
 113   1              SM1 = 1;                //串口工作方式1 10位异步
 114   1              REN = 1;                //串口允许接收
 115   1              EA  = 1;                //开总中断
 116   1              ES  = 1;                //串口中断打开
C51 COMPILER V9.60.0.0   MAIN                                                              10/23/2019 18:38:29 PAGE 3   

 117   1              PS  = 1;                //高优先级
 118   1      }
 119          
 120          void delay(uint t)
 121          {
 122   1              uint X,Y;
 123   1              LED=1;
 124   1              for(Y=0;Y<t;Y++)
 125   1                      for(X=50;X>0;X--);
 126   1              LED=0;
 127   1                      for(Y=0;Y<t;Y++)
 128   1                      for(X=50;X>0;X--);
 129   1      }
 130          
 131          void writeCom(uchar com)
 132          {
 133   1              P0=com;
 134   1              lcdData0=com&1;
 135   1              RS=0;
 136   1              lcden=0;
 137   1              delay(1);
 138   1              lcden=1;
 139   1              delay(1);
 140   1              lcden=0;
 141   1      }
 142          
 143          void writeData(uchar d)
 144          {
 145   1              P0=d;
 146   1              lcdData0=d&1;
 147   1              RS=1;
 148   1              lcden=0;
 149   1              delay(1);
 150   1              lcden=1;
 151   1              delay(1);
 152   1              lcden=0;
 153   1      }
 154          
 155          void oneByOne(uint t)
 156          {
 157   1              uint i,j,k;
 158   1              for(k=1;k<16;k*=2)
 159   1              {
 160   2                      layerSwitch(k);
 161   2                      for(i=1;i<8;i++)
 162   2                      {
 163   3                              hc595SendData(1<<i);
 164   3                              delay(t);
 165   3                              for(j=1;j<4;j++){hc595SendData(0);delay(t);}
 166   3                      }
 167   2                      hc595SendData(1);
 168   2                      delay(t);
 169   2                      for(j=1;j<4;j++){hc595SendData(0);delay(t);}
 170   2              }
 171   1              hc595SendData(0);hc595SendData(0);hc595SendData(0);hc595SendData(0);
 172   1              ledInit();
 173   1      }
 174          
 175          void layerSwitch(uchar l)
 176          {
 177   1              LEDGND1=!(l&1);
 178   1              LEDGND2=!(l&2);
C51 COMPILER V9.60.0.0   MAIN                                                              10/23/2019 18:38:29 PAGE 4   

 179   1              LEDGND3=!(l&4);
 180   1              LEDGND4=!(l&8);
 181   1      }
 182          
 183          void breathe(uint num)
 184          {
 185   1              uchar temp;
 186   1              hc595SendData(num);
 187   1              hc595SendData(num);
 188   1              hc595SendData(num);
 189   1              hc595SendData(num);
 190   1      
 191   1              for(temp=0;temp<BREATHE;temp++)
 192   1              {
 193   2                      OE1=OE2=OE3=OE4=1;
 194   2                      delay(temp);
 195   2                      OE1=OE2=OE3=OE4=0;
 196   2                      delay(BREATHE-temp);
 197   2              }
 198   1              for(temp=BREATHE;temp>0;temp--)
 199   1              {
 200   2                      OE1=OE2=OE3=OE4=1;
 201   2                      delay(temp);
 202   2                      OE1=OE2=OE3=OE4=0;
 203   2                      delay(BREATHE-temp);
 204   2              }
 205   1      }
 206          
 207          void hc595SendData(uint SendVal)
 208          {
 209   1          unsigned char i;
 210   1              LED=1;
 211   1          for(i=0;i<8;i++)
 212   1          {
 213   2              if((SendVal<<i)&0x80)MOSIO=1;
 214   2              else MOSIO=0; 
 215   2                      SCK=0;
 216   2              _nop_();_nop_();
 217   2              SCK=1;
 218   2          }
 219   1              RCK=0;
 220   1              _nop_();_nop_();
 221   1              RCK=1;
 222   1              LED=0;
 223   1      }
 224          
 225          void pwmPurple()
 226          {
 227   1              uint i,j;
 228   1              for(j=0;j<5;j++)
 229   1              {
 230   2                      for(i=1;i<BREATHE;i++)
 231   2                      {
 232   3                              hc595SendData(0x55);hc595SendData(0x55);hc595SendData(0x55);hc595SendData(0x55);
 233   3                              delay(i);
 234   3                              hc595SendData(0xaa);hc595SendData(0xaa);hc595SendData(0xaa);hc595SendData(0xaa);
 235   3                              delay(BREATHE-i);
 236   3                      }
 237   2                      delay(100);
 238   2                      for(i=BREATHE;i>0;i--)
 239   2                      {
 240   3                              hc595SendData(0x55);hc595SendData(0x55);hc595SendData(0x55);hc595SendData(0x55);
C51 COMPILER V9.60.0.0   MAIN                                                              10/23/2019 18:38:29 PAGE 5   

 241   3                              delay(i);
 242   3                              hc595SendData(0xaa);hc595SendData(0xaa);hc595SendData(0xaa);hc595SendData(0xaa);
 243   3                              delay(BREATHE-i);
 244   3                      }
 245   2                      delay(100);
 246   2              }
 247   1      }
 248          
 249          void key1Scan() interrupt 0
 250          {
 251   1              if(KEY1==0)
 252   1              {
 253   2                      delay(5);
 254   2                      LEDGND1=LEDGND2=LEDGND3=LEDGND4=1;
 255   2                      if(KEY1==0)
 256   2                      {
 257   3                              ES=0;
 258   3                              SBUF = ledMod;  
 259   3                              while(!TI);
 260   3                              TI = 0;
 261   3                              ES=1;
 262   3                      }
 263   2                      while(!KEY1||!KEY2);
 264   2                      LEDGND1=LEDGND2=LEDGND3=LEDGND4=0;
 265   2              }
 266   1      }
 267          
 268          void key2Scan() interrupt 2
 269          {
 270   1              uchar i;
 271   1              if(KEY2==0)
 272   1              {
 273   2                      delay(5);
 274   2                      if(KEY2==0)
 275   2                      {
 276   3                              switch(keyNum%4)
 277   3                              {
 278   4                                      case 0:
 279   4                                      {
 280   5                                              ledMod=1;
 281   5                                              writeCom(0x80+0x46);
 282   5                                              writeData(ledMod+'0');
 283   5                                              keyNum++;
 284   5                                              for(i=1;i<5;i++)
 285   5                                              {
 286   6                                                      breathe(0xaa);
 287   6                                                      delay(500);
 288   6                                              }
 289   5                                              break;
 290   5                                      }
 291   4                                      case 1:
 292   4                                      {
 293   5                                              ledMod=2;
 294   5                                              writeCom(0x80+0x46);
 295   5                                              writeData(ledMod+'0');
 296   5                                              keyNum++;
 297   5                                              for(i=1;i<5;i++)
 298   5                                              {
 299   6                                                      delay(500);
 300   6                                                      breathe(0x55);
 301   6                                              }
 302   5                                              break;
C51 COMPILER V9.60.0.0   MAIN                                                              10/23/2019 18:38:29 PAGE 6   

 303   5                                      }
 304   4                                      case 2:
 305   4                                      {
 306   5                                              ledMod=3;
 307   5                                              writeCom(0x80+0x46);
 308   5                                              writeData(ledMod+'0');
 309   5                                              keyNum++;
 310   5                                              oneByOne(300);
 311   5                                              break;
 312   5                                      }
 313   4                                      case 3:
 314   4                                      {
 315   5                                              ledMod=4;
 316   5                                              writeCom(0x80+0x46);
 317   5                                              writeData(ledMod+'0');
 318   5                                              keyNum++;
 319   5                                              pwmPurple();
 320   5                                              break;
 321   5                                      }
 322   4                              }
 323   3                              SBUF = keyNum%4+1;      
 324   3                              while(!TI);
 325   3                              TI = 0;                                 
 326   3                      }
 327   2                      while(!KEY1||!KEY2);
 328   2                      writeCom(0x80+0x46);
 329   2                      writeData('0');
 330   2              }
 331   1      }
 332          
 333          void uart() interrupt 4
 334          {
 335   1              
 336   1              uchar i;
 337   1              if(RI)
 338   1              {
 339   2                      ledMod=SBUF;
 340   2                      RI = 0;
 341   2                      switch(ledMod%5)
 342   2                      {
 343   3                              case 0:
 344   3                              {
 345   4                                      ledMod=0;
 346   4                                      writeCom(0x80+0x46);
 347   4                                      writeData(ledMod+'0');
 348   4                                      hc595SendData(0x55);hc595SendData(0x55);hc595SendData(0x55);hc595SendData(0x55);
 349   4                                      hc595SendData(0xaa);hc595SendData(0xaa);hc595SendData(0xaa);hc595SendData(0xaa);
 350   4                                      break;
 351   4                              }
 352   3                              case 1:
 353   3                              {
 354   4                                      ledMod=1;
 355   4                                      writeCom(0x80+0x46);
 356   4                                      writeData(ledMod+'0');
 357   4                                      keyNum++;
 358   4                                      for(i=1;i<5;i++)
 359   4                                      {
 360   5                                              breathe(0xaa);
 361   5                                              delay(500);
 362   5                                      }
 363   4                                      break;
 364   4                              }
C51 COMPILER V9.60.0.0   MAIN                                                              10/23/2019 18:38:29 PAGE 7   

 365   3                              case 2:
 366   3                              {
 367   4                                      ledMod=2;
 368   4                                      writeCom(0x80+0x46);
 369   4                                      writeData(ledMod+'0');
 370   4                                      keyNum++;
 371   4                                      for(i=1;i<5;i++)
 372   4                                      {
 373   5                                              delay(500);
 374   5                                              breathe(0x55);
 375   5                                      }
 376   4                                      break;
 377   4                              }
 378   3                              case 3:
 379   3                              {
 380   4                                      ledMod=3;
 381   4                                      writeCom(0x80+0x46);
 382   4                                      writeData(ledMod+'0');
 383   4                                      oneByOne(300);
 384   4                                      break;
 385   4                              }
 386   3                              case 4:
 387   3                              {
 388   4                                      ledMod=4;
 389   4                                      writeCom(0x80+0x46);
 390   4                                      writeData(ledMod+'0');
 391   4                                      pwmPurple();
 392   4                                      break;
 393   4                              }
 394   3                      }
 395   2              }
 396   1      }
 397          
 398          /*
 399          ***STC89C52
 400          * 1-P1.0-1602DATA0
 401          * 2-P1.1-LEDGND2
 402          * 3-P1.2-LEDGND3
 403          * 4-P1.3-LEDGND4
 404          * 5-P1.4-LEDGND1
 405          * 6-P1.5-1602RS
 406          * 7-P1.6-1602RW
 407          * 8-P1.7-1602EN
 408          * 9-RST-KEY0
 409          * 10-RXD-CH340RXD
 410          * 11-TXD-CH340TXD
 411          * 12-P3.2-KEY1
 412          * 13-P3.3-KEY2
 413          * 18-XTAL1
 414          * 19-XTAL2
 415          * 20-GND
 416          * 21-P2.0-LEDWHITE
 417          * 22-P2.1-595OE4_13
 418          * 23-P2.2-595OE3_13
 419          * 24-P2.3-5950E2_13
 420          * 25-P2.4-595DS_14
 421          * 26-P2.5-595OE1_13,HIGH-OFF
 422          * 27-P2.6-595RCK_12,UP-LINEMOVE
 423          * 28-P2.7-595SCK_11,UP-BITMOVE
 424          * 29-PSEN-595SCLR_10,ALWAYSHIGH
 425          
 426          * 32-P0.7-1602DATA7
C51 COMPILER V9.60.0.0   MAIN                                                              10/23/2019 18:38:29 PAGE 8   

 427          * 33-P0.6-1602DATA6
 428          * 34-P0.5-1602DATA5
 429          * 35-P0.4-1602DATA4
 430          * 36-P0.3-1602DATA3
 431          * 37-P0.2-1602DATA2
 432          * 38-P0.1-1602DATA1
 433          * 40-VCC
 434          *
 435          ***LCD1602
 436          * 1-GND
 437          * 2-VCC
 438          * 3-VL
 439          * 4-RS
 440          * 5-RW
 441          * 6-EN
 442          * 7-DATA0
 443          * 8-DATA1
 444          * 9-DATA2
 445          * 10-DATA3
 446          * 11-DATA4
 447          * 12-DATA5
 448          * 13-DATA6
 449          * 14-DATA7
 450          * 15-VCC
 451          * 16-GND
 452          *
 453          ***74HC595
 454          * 1-OUT0-LEFTRED
 455          * 2-OUT1-RIGHTBLUE
 456          * 3-OUT2-RIGHTRED
 457          * 4-OUT3
 458          * 5-OUT4
 459          * 6-OUT5
 460          * 7-OUT6
 461          * 8-GND
 462          * 9-STRINGOUT
 463          * 10-MR-ALWAYSLOW
 464          * 11-SCK
 465          * 12-LCK
 466          * 13-OE
 467          * 14-DATAIN
 468          * 15-OUT7
 469          * 16-VCC
 470          */


MODULE INFORMATION:   STATIC OVERLAYABLE
   CODE SIZE        =   1929    ----
   CONSTANT SIZE    =   ----    ----
   XDATA SIZE       =     31      17
   PDATA SIZE       =   ----    ----
   DATA SIZE        =   ----    ----
   IDATA SIZE       =   ----    ----
   BIT SIZE         =   ----    ----
END OF MODULE INFORMATION.


C51 COMPILATION COMPLETE.  0 WARNING(S),  0 ERROR(S)
